../tensorflow/tensorflow/lite/core/api/error_reporter.h:37:11:tflite::ErrorReporter::~ErrorReporter()	16	static
../tensorflow/tensorflow/lite/core/api/error_reporter.h:37:11:virtual tflite::ErrorReporter::~ErrorReporter()	16	static
c:\st\stm32cubeide_1.12.1\stm32cubeide\plugins\com.st.stm32cube.ide.mcu.externaltools.gnu-tools-for-stm32.10.3-2021.10.win32_1.0.200.202301161003\tools\bin\../lib/gcc/arm-none-eabi/10.3.1/../../../../arm-none-eabi/include/c++/10.3.1/arm-none-eabi/thumb/v7e-m+fp/hard/bits/gthr-default.h:229:1:int __gthread_key_delete(__gthread_key_t)	16	static
../third_party/flatbuffers/include/flatbuffers/flatbuffers.h:70:13:void flatbuffers::EndianCheck()	16	static
../third_party/flatbuffers/include/flatbuffers/flatbuffers.h:2418:18:const uint8_t* flatbuffers::Table::GetVTable() const	24	static
../third_party/flatbuffers/include/flatbuffers/flatbuffers.h:2424:13:flatbuffers::voffset_t flatbuffers::Table::GetOptionalFieldOffset(flatbuffers::voffset_t) const	24	static
../tensorflow/tensorflow/lite/schema/schema_generated.h:10577:12:uint32_t tflite::Model::version() const	16	static
../tensorflow/tensorflow/lite/schema/schema_generated.h:16225:29:const tflite::Model* tflite::GetModel(const void*)	16	static
../tensorflow/tensorflow/lite/core/api/op_resolver.h:35:11:tflite::OpResolver::~OpResolver()	16	static
../tensorflow/tensorflow/lite/core/api/op_resolver.h:35:11:virtual tflite::OpResolver::~OpResolver()	16	static
../tensorflow/tensorflow/lite/micro/micro_mutable_op_resolver.h:32:12:int tflite::MicroOpResolverAnyVersion()	4	static
../tensorflow/tensorflow/lite/micro/micro_error_reporter.h:26:3:tflite::MicroErrorReporter::~MicroErrorReporter()	16	static
../tensorflow/tensorflow/lite/micro/micro_error_reporter.h:26:3:virtual tflite::MicroErrorReporter::~MicroErrorReporter()	16	static
c:\st\stm32cubeide_1.12.1\stm32cubeide\plugins\com.st.stm32cube.ide.mcu.externaltools.gnu-tools-for-stm32.10.3-2021.10.win32_1.0.200.202301161003\tools\arm-none-eabi\include\c++\10.3.1\cmath:338:3:constexpr float std::log(float)	16	static
../tensorflow/tensorflow/lite/core/api/error_reporter.h:35:7:constexpr tflite::ErrorReporter::ErrorReporter()	16	static
../tensorflow/tensorflow/lite/micro/micro_error_reporter.h:24:7:constexpr tflite::MicroErrorReporter::MicroErrorReporter()	16	static
../Core/Src/TF/main_functions1.cpp:59:5:Names::Names()	16	static
../Core/Src/TF/main_functions1.cpp:92:119:void __tcf_0()	8	static
../Core/Src/TF/main_functions1.cpp:97:119:void __tcf_1()	8	static
../Core/Src/TF/main_functions1.cpp:102:119:void __tcf_2()	8	static
../Core/Src/TF/main_functions1.cpp:64:9:int Names::setup(const unsigned char*, uint8_t, uint8_t*, uint32)	48	static
../Core/Src/TF/main_functions1.cpp:153:5:int loop(Names*)	48	static
../Core/Src/TF/main_functions1.cpp:194:6:void handle_output(tflite::ErrorReporter*, float, float)	40	static
../Core/Src/TF/main_functions1.cpp:204:6:void classify_image(tflite::MicroInterpreter*, tflite::ErrorReporter*, unsigned char*)	72	static
../Core/Src/TF/main_functions1.cpp:260:6:void incremental_inference(unsigned char*, tflite::MicroInterpreter*, tflite::ErrorReporter*, tflite::MicroInterpreter*, tflite::ErrorReporter*, tflite::MicroInterpreter*, tflite::ErrorReporter*, float*, uint32_t*, float*)	136	static
../Core/Src/TF/main_functions1.cpp:387:7:float compute_entropy_normalized(float*, int)	40	static
../Core/Src/TF/main_functions1.cpp:398:6:void unit_test_entropy()	32	static
../Core/Src/TF/main_functions1.cpp:408:5:int setup1()	16	static
../Core/Src/TF/main_functions1.cpp:429:5:int main_loop1()	120	static
../Core/Src/TF/main_functions1.cpp:464:5:int wait_and_sleep(float)	56	static
../Core/Src/TF/main_functions1.cpp:501:6:void incremental_inference_with_voltage(unsigned char*, tflite::MicroInterpreter*, tflite::ErrorReporter*, tflite::MicroInterpreter*, tflite::ErrorReporter*, tflite::MicroInterpreter*, tflite::ErrorReporter*, float*, int32_t*, float*, uint32_t*)	152	static
../Core/Src/TF/main_functions1.cpp:672:5:int main_single_event(int, float)	160	static
../third_party/flatbuffers/include/flatbuffers/base.h:362:24:T flatbuffers::EndianScalar(T) [with T = long unsigned int]	16	static
../third_party/flatbuffers/include/flatbuffers/base.h:373:3:T flatbuffers::ReadScalar(const void*) [with T = short unsigned int]	16	static
../third_party/flatbuffers/include/flatbuffers/base.h:373:3:T flatbuffers::ReadScalar(const void*) [with T = long unsigned int]	16	static
../third_party/flatbuffers/include/flatbuffers/base.h:373:3:T flatbuffers::ReadScalar(const void*) [with T = long int]	16	static
../third_party/flatbuffers/include/flatbuffers/flatbuffers.h:2434:26:T flatbuffers::Table::GetField(flatbuffers::voffset_t, T) const [with T = long unsigned int]	32	static
../third_party/flatbuffers/include/flatbuffers/flatbuffers.h:2086:31:const T* flatbuffers::GetRoot(const void*) [with T = tflite::Model]	16	static
c:\st\stm32cubeide_1.12.1\stm32cubeide\plugins\com.st.stm32cube.ide.mcu.externaltools.gnu-tools-for-stm32.10.3-2021.10.win32_1.0.200.202301161003\tools\arm-none-eabi\include\c++\10.3.1\cmath:350:5:constexpr typename __gnu_cxx::__enable_if<std::__is_integer<_Tp>::__value, double>::__type std::log(_Tp) [with _Tp = int]	16	static
../third_party/flatbuffers/include/flatbuffers/base.h:362:24:T flatbuffers::EndianScalar(T) [with T = long int]	16	static
../third_party/flatbuffers/include/flatbuffers/base.h:362:24:T flatbuffers::EndianScalar(T) [with T = short unsigned int]	16	static
../third_party/flatbuffers/include/flatbuffers/flatbuffers.h:2079:25:T* flatbuffers::GetMutableRoot(void*) [with T = tflite::Model]	16	static
../Core/Src/TF/main_functions1.cpp:41:7:Names::~Names()	16	static
../Core/Src/TF/main_functions1.cpp:701:1:void __static_initialization_and_destruction_0(int, int)	16	static
../tensorflow/tensorflow/lite/micro/micro_mutable_op_resolver.h:35:7:tflite::MicroOpResolver<128>::~MicroOpResolver()	16	static
../tensorflow/tensorflow/lite/micro/micro_mutable_op_resolver.h:35:7:virtual tflite::MicroOpResolver<128>::~MicroOpResolver()	16	static
../tensorflow/tensorflow/lite/micro/micro_mutable_op_resolver.h:146:7:tflite::MicroMutableOpResolver::~MicroMutableOpResolver()	16	static
../tensorflow/tensorflow/lite/micro/micro_mutable_op_resolver.h:146:7:virtual tflite::MicroMutableOpResolver::~MicroMutableOpResolver()	16	static
../tensorflow/tensorflow/lite/micro/kernels/all_ops_resolver.h:22:7:tflite::ops::micro::AllOpsResolver::~AllOpsResolver()	16	static
../tensorflow/tensorflow/lite/micro/kernels/all_ops_resolver.h:22:7:virtual tflite::ops::micro::AllOpsResolver::~AllOpsResolver()	16	static
../tensorflow/tensorflow/lite/micro/micro_mutable_op_resolver.h:40:29:const TfLiteRegistration* tflite::MicroOpResolver<tOpCount>::FindOp(tflite::BuiltinOperator, int) const [with unsigned int tOpCount = 128]	40	static
../tensorflow/tensorflow/lite/micro/micro_mutable_op_resolver.h:54:29:const TfLiteRegistration* tflite::MicroOpResolver<tOpCount>::FindOp(const char*, int) const [with unsigned int tOpCount = 128]	40	static
../Core/Src/TF/main_functions1.cpp:701:1:cpp)	8	static
../Core/Src/TF/main_functions1.cpp:701:1:cpp)	8	static
