../Hardware/ArduCAM/ArduCAMCustom.c:19:6:ArduCAM_Init	8	static
../Hardware/ArduCAM/ArduCAMCustom.c:38:6:set_format	16	static
../Hardware/ArduCAM/ArduCAMCustom.c:48:6:StartImageCapture	32	static
../Hardware/ArduCAM/ArduCAMCustom.c:87:9:SPI_ReadWriteByte	32	static
../Hardware/ArduCAM/ArduCAMCustom.c:101:9:bus_read	24	static
../Hardware/ArduCAM/ArduCAMCustom.c:123:9:bus_write	24	static
../Hardware/ArduCAM/ArduCAMCustom.c:140:9:read_reg	24	static
../Hardware/ArduCAM/ArduCAMCustom.c:148:6:write_reg	16	static
../Hardware/ArduCAM/ArduCAMCustom.c:153:9:read_fifo	16	static
../Hardware/ArduCAM/ArduCAMCustom.c:161:6:set_fifo_burst	8	static
../Hardware/ArduCAM/ArduCAMCustom.c:167:6:flush_fifo	8	static
../Hardware/ArduCAM/ArduCAMCustom.c:172:6:start_capture	8	static
../Hardware/ArduCAM/ArduCAMCustom.c:177:6:clear_fifo_flag	8	static
../Hardware/ArduCAM/ArduCAMCustom.c:182:10:read_fifo_length	24	static
../Hardware/ArduCAM/ArduCAMCustom.c:193:6:set_bit	24	static
../Hardware/ArduCAM/ArduCAMCustom.c:200:6:clear_bit	24	static
../Hardware/ArduCAM/ArduCAMCustom.c:208:9:get_bit	24	static
../Hardware/ArduCAM/ArduCAMCustom.c:220:6:set_mode	16	static
../Hardware/ArduCAM/ArduCAMCustom.c:240:6:OV2640_set_JPEG_size	16	static
../Hardware/ArduCAM/ArduCAMCustom.c:277:6:wrSensorReg8_8	32	static
../Hardware/ArduCAM/ArduCAMCustom.c:291:6:rdSensorReg8_8	32	static
../Hardware/ArduCAM/ArduCAMCustom.c:309:5:wrSensorRegs8_8	32	static
