../Drivers/BSP/STM32H747I-DISCO/stm32h747i_discovery_lcd.c:222:9:BSP_LCD_Init	24	static
../Drivers/BSP/STM32H747I-DISCO/stm32h747i_discovery_lcd.c:236:9:BSP_LCD_InitEx	64	static
../Drivers/BSP/STM32H747I-DISCO/stm32h747i_discovery_lcd.c:404:9:BSP_LCD_DeInit	24	static
../Drivers/BSP/STM32H747I-DISCO/stm32h747i_discovery_lcd.c:659:6:BSP_LCD_Reset	40	static
../Drivers/BSP/STM32H747I-DISCO/stm32h747i_discovery_lcd.c:683:13:LCD_InitSequence	40	static
../Drivers/BSP/STM32H747I-DISCO/stm32h747i_discovery_lcd.c:727:13:LCD_DeInitSequence	32	static
../Drivers/BSP/STM32H747I-DISCO/stm32h747i_discovery_lcd.c:747:26:MX_DSIHOST_DSI_Init	144	static
../Drivers/BSP/STM32H747I-DISCO/stm32h747i_discovery_lcd.c:839:26:MX_LTDC_Init	24	static
../Drivers/BSP/STM32H747I-DISCO/stm32h747i_discovery_lcd.c:883:26:MX_LTDC_ConfigLayer	80	static
../Drivers/BSP/STM32H747I-DISCO/stm32h747i_discovery_lcd.c:911:26:MX_LTDC_ClockConfig	216	static
../Drivers/BSP/STM32H747I-DISCO/stm32h747i_discovery_lcd.c:933:26:MX_LTDC_ClockConfig2	216	static
../Drivers/BSP/STM32H747I-DISCO/stm32h747i_discovery_lcd.c:1063:9:BSP_LCD_ConfigLayer	32	static
../Drivers/BSP/STM32H747I-DISCO/stm32h747i_discovery_lcd.c:1086:9:BSP_LCD_SetActiveLayer	24	static
../Drivers/BSP/STM32H747I-DISCO/stm32h747i_discovery_lcd.c:1107:9:BSP_LCD_GetPixelFormat	24	static
../Drivers/BSP/STM32H747I-DISCO/stm32h747i_discovery_lcd.c:1132:9:BSP_LCD_Relaod	24	static
../Drivers/BSP/STM32H747I-DISCO/stm32h747i_discovery_lcd.c:1166:9:BSP_LCD_SetLayerVisible	32	static
../Drivers/BSP/STM32H747I-DISCO/stm32h747i_discovery_lcd.c:1202:9:BSP_LCD_SetTransparency	32	static
../Drivers/BSP/STM32H747I-DISCO/stm32h747i_discovery_lcd.c:1232:9:BSP_LCD_SetLayerAddress	32	static
../Drivers/BSP/STM32H747I-DISCO/stm32h747i_discovery_lcd.c:1265:9:BSP_LCD_SetLayerWindow	32	static
../Drivers/BSP/STM32H747I-DISCO/stm32h747i_discovery_lcd.c:1302:9:BSP_LCD_SetColorKeying	32	static
../Drivers/BSP/STM32H747I-DISCO/stm32h747i_discovery_lcd.c:1334:9:BSP_LCD_ResetColorKeying	24	static
../Drivers/BSP/STM32H747I-DISCO/stm32h747i_discovery_lcd.c:1365:9:BSP_LCD_GetXSize	24	static
../Drivers/BSP/STM32H747I-DISCO/stm32h747i_discovery_lcd.c:1387:9:BSP_LCD_GetYSize	24	static
../Drivers/BSP/STM32H747I-DISCO/stm32h747i_discovery_lcd.c:1408:9:BSP_LCD_DisplayOn	24	static
../Drivers/BSP/STM32H747I-DISCO/stm32h747i_discovery_lcd.c:1436:9:BSP_LCD_DisplayOff	24	static
../Drivers/BSP/STM32H747I-DISCO/stm32h747i_discovery_lcd.c:1465:9:BSP_LCD_SetBrightness	24	static
../Drivers/BSP/STM32H747I-DISCO/stm32h747i_discovery_lcd.c:1490:9:BSP_LCD_GetBrightness	24	static
../Drivers/BSP/STM32H747I-DISCO/stm32h747i_discovery_lcd.c:1517:9:BSP_LCD_DrawBitmap	72	static
../Drivers/BSP/STM32H747I-DISCO/stm32h747i_discovery_lcd.c:1580:9:BSP_LCD_FillRGBRect	40	static
../Drivers/BSP/STM32H747I-DISCO/stm32h747i_discovery_lcd.c:1630:9:BSP_LCD_DrawHLine	48	static
../Drivers/BSP/STM32H747I-DISCO/stm32h747i_discovery_lcd.c:1656:9:BSP_LCD_DrawVLine	48	static
../Drivers/BSP/STM32H747I-DISCO/stm32h747i_discovery_lcd.c:1683:9:BSP_LCD_FillRect	48	static
../Drivers/BSP/STM32H747I-DISCO/stm32h747i_discovery_lcd.c:1704:9:BSP_LCD_ReadPixel	24	static
../Drivers/BSP/STM32H747I-DISCO/stm32h747i_discovery_lcd.c:1728:9:BSP_LCD_WritePixel	24	static
../Drivers/BSP/STM32H747I-DISCO/stm32h747i_discovery_lcd.c:1760:13:LL_FillBuffer	40	static
../Drivers/BSP/STM32H747I-DISCO/stm32h747i_discovery_lcd.c:1805:13:LL_ConvertLineToRGB	40	static
../Drivers/BSP/STM32H747I-DISCO/stm32h747i_discovery_lcd.c:1858:13:LTDC_MspInit	24	static
../Drivers/BSP/STM32H747I-DISCO/stm32h747i_discovery_lcd.c:1877:13:LTDC_MspDeInit	16	static
../Drivers/BSP/STM32H747I-DISCO/stm32h747i_discovery_lcd.c:1894:13:DMA2D_MspInit	24	static
../Drivers/BSP/STM32H747I-DISCO/stm32h747i_discovery_lcd.c:1912:13:DMA2D_MspDeInit	16	static
../Drivers/BSP/STM32H747I-DISCO/stm32h747i_discovery_lcd.c:1932:13:DSI_MspInit	24	static
../Drivers/BSP/STM32H747I-DISCO/stm32h747i_discovery_lcd.c:1950:13:DSI_MspDeInit	16	static
../Drivers/BSP/STM32H747I-DISCO/stm32h747i_discovery_lcd.c:1973:16:DSI_IO_Write	40	static
../Drivers/BSP/STM32H747I-DISCO/stm32h747i_discovery_lcd.c:2003:16:DSI_IO_Read	48	static
../Drivers/BSP/STM32H747I-DISCO/stm32h747i_discovery_lcd.c:2190:16:OTM8009A_Probe	40	static
