../Middlewares/ST/STM32_ImageProcessing_Library/Src/array.c:22:6:array_alloc	24	static
../Middlewares/ST/STM32_ImageProcessing_Library/Src/array.c:32:6:array_alloc_init	32	static
../Middlewares/ST/STM32_ImageProcessing_Library/Src/array.c:42:6:array_clear	24	static
../Middlewares/ST/STM32_ImageProcessing_Library/Src/array.c:57:6:array_free	16	static
../Middlewares/ST/STM32_ImageProcessing_Library/Src/array.c:63:5:array_length	16	static
../Middlewares/ST/STM32_ImageProcessing_Library/Src/array.c:68:7:array_at	16	static
../Middlewares/ST/STM32_ImageProcessing_Library/Src/array.c:73:6:array_push_back	16	static
../Middlewares/ST/STM32_ImageProcessing_Library/Src/array.c:82:7:array_pop_back	24	static
../Middlewares/ST/STM32_ImageProcessing_Library/Src/array.c:91:7:array_take	24	static
../Middlewares/ST/STM32_ImageProcessing_Library/Src/array.c:102:6:array_erase	16	static
../Middlewares/ST/STM32_ImageProcessing_Library/Src/array.c:110:6:array_resize	24	static
../Middlewares/ST/STM32_ImageProcessing_Library/Src/array.c:132:13:quicksort	48	static
../Middlewares/ST/STM32_ImageProcessing_Library/Src/array.c:162:6:array_sort	16	static
../Middlewares/ST/STM32_ImageProcessing_Library/Src/array.c:169:6:array_isort	32	static
