../Middlewares/ST/STM32_ImageProcessing_Library/Src/binary.c:14:6:imlib_binary	728	static
../Middlewares/ST/STM32_ImageProcessing_Library/Src/binary.c:292:6:imlib_invert	48	static
../Middlewares/ST/STM32_ImageProcessing_Library/Src/binary.c:335:13:imlib_b_and_line_op	128	static
../Middlewares/ST/STM32_ImageProcessing_Library/Src/binary.c:429:6:imlib_b_and	32	static
../Middlewares/ST/STM32_ImageProcessing_Library/Src/binary.c:434:13:imlib_b_nand_line_op	128	static
../Middlewares/ST/STM32_ImageProcessing_Library/Src/binary.c:528:6:imlib_b_nand	32	static
../Middlewares/ST/STM32_ImageProcessing_Library/Src/binary.c:533:13:imlib_b_or_line_op	128	static
../Middlewares/ST/STM32_ImageProcessing_Library/Src/binary.c:627:6:imlib_b_or	32	static
../Middlewares/ST/STM32_ImageProcessing_Library/Src/binary.c:632:13:imlib_b_nor_line_op	128	static
../Middlewares/ST/STM32_ImageProcessing_Library/Src/binary.c:726:6:imlib_b_nor	32	static
../Middlewares/ST/STM32_ImageProcessing_Library/Src/binary.c:731:13:imlib_b_xor_line_op	128	static
../Middlewares/ST/STM32_ImageProcessing_Library/Src/binary.c:825:6:imlib_b_xor	32	static
../Middlewares/ST/STM32_ImageProcessing_Library/Src/binary.c:830:13:imlib_b_xnor_line_op	128	static
../Middlewares/ST/STM32_ImageProcessing_Library/Src/binary.c:924:6:imlib_b_xnor	32	static
../Middlewares/ST/STM32_ImageProcessing_Library/Src/binary.c:929:13:imlib_erode_dilate	304	static
../Middlewares/ST/STM32_ImageProcessing_Library/Src/binary.c:1218:6:imlib_erode	32	static
../Middlewares/ST/STM32_ImageProcessing_Library/Src/binary.c:1228:6:imlib_dilate	32	static
../Middlewares/ST/STM32_ImageProcessing_Library/Src/binary.c:1238:6:imlib_open	24	static
../Middlewares/ST/STM32_ImageProcessing_Library/Src/binary.c:1244:6:imlib_close	24	static
../Middlewares/ST/STM32_ImageProcessing_Library/Src/binary.c:1250:6:imlib_top_hat	56	static
../Middlewares/ST/STM32_ImageProcessing_Library/Src/binary.c:1263:6:imlib_black_hat	56	static
