../Middlewares/ST/STM32_ImageProcessing_Library/Src/mathop.c:14:6:imlib_gamma_corr	328	static
../Middlewares/ST/STM32_ImageProcessing_Library/Src/mathop.c:218:13:imlib_replace_line_op	144	static
../Middlewares/ST/STM32_ImageProcessing_Library/Src/mathop.c:290:6:imlib_replace	80	static
../Middlewares/ST/STM32_ImageProcessing_Library/Src/mathop.c:321:13:imlib_add_line_op	152	static
../Middlewares/ST/STM32_ImageProcessing_Library/Src/mathop.c:394:6:imlib_add	32	static
../Middlewares/ST/STM32_ImageProcessing_Library/Src/mathop.c:404:13:imlib_sub_line_op	208	static
../Middlewares/ST/STM32_ImageProcessing_Library/Src/mathop.c:490:6:imlib_sub	40	static
../Middlewares/ST/STM32_ImageProcessing_Library/Src/mathop.c:503:13:imlib_mul_line_op	264	static
../Middlewares/ST/STM32_ImageProcessing_Library/Src/mathop.c:602:6:imlib_mul	40	static
../Middlewares/ST/STM32_ImageProcessing_Library/Src/mathop.c:615:13:imlib_div_line_op	240	static
../Middlewares/ST/STM32_ImageProcessing_Library/Src/mathop.c:726:6:imlib_div	40	static
../Middlewares/ST/STM32_ImageProcessing_Library/Src/mathop.c:735:13:imlib_min_line_op	144	static
../Middlewares/ST/STM32_ImageProcessing_Library/Src/mathop.c:800:6:imlib_min	32	static
../Middlewares/ST/STM32_ImageProcessing_Library/Src/mathop.c:805:13:imlib_max_line_op	144	static
../Middlewares/ST/STM32_ImageProcessing_Library/Src/mathop.c:870:6:imlib_max	32	static
../Middlewares/ST/STM32_ImageProcessing_Library/Src/mathop.c:875:13:imlib_difference_line_op	144	static
../Middlewares/ST/STM32_ImageProcessing_Library/Src/mathop.c:940:6:imlib_difference	32	static
