../Middlewares/ST/STM32_ImageProcessing_Library/Src/stm32ipl.c:32:6:STM32Ipl_InitLib	16	static
../Middlewares/ST/STM32_ImageProcessing_Library/Src/stm32ipl.c:42:6:STM32Ipl_DeInitLib	8	static
../Middlewares/ST/STM32_ImageProcessing_Library/Src/stm32ipl.c:56:6:STM32Ipl_Init	24	static
../Middlewares/ST/STM32_ImageProcessing_Library/Src/stm32ipl.c:77:16:STM32Ipl_AllocData	40	static
../Middlewares/ST/STM32_ImageProcessing_Library/Src/stm32ipl.c:106:16:STM32Ipl_AllocDataRef	32	static
../Middlewares/ST/STM32_ImageProcessing_Library/Src/stm32ipl.c:134:6:STM32Ipl_ReleaseData	24	static
../Middlewares/ST/STM32_ImageProcessing_Library/Src/stm32ipl.c:150:10:STM32Ipl_DataSize	24	static
../Middlewares/ST/STM32_ImageProcessing_Library/Src/stm32ipl.c:178:10:STM32Ipl_ImageDataSize	16	static
../Middlewares/ST/STM32_ImageProcessing_Library/Src/stm32ipl.c:189:6:STM32Ipl_ImageFormatSupported	24	static
../Middlewares/ST/STM32_ImageProcessing_Library/Src/stm32ipl.c:226:16:STM32Ipl_Copy	16	static
../Middlewares/ST/STM32_ImageProcessing_Library/Src/stm32ipl.c:245:16:STM32Ipl_CopyData	24	static
../Middlewares/ST/STM32_ImageProcessing_Library/Src/stm32ipl.c:267:16:STM32Ipl_Clone	32	static
../Middlewares/ST/STM32_ImageProcessing_Library/Src/stm32ipl.c:306:10:STM32Ipl_AdaptColor	24	static
