../Middlewares/ST/STM32_ImageProcessing_Library/Src/stm32ipl_convert.c:39:13:STM32Ipl_SimpleCopy	32	static
../Middlewares/ST/STM32_ImageProcessing_Library/Src/stm32ipl_convert.c:63:13:STM32Ipl_BinaryToY8	48	static
../Middlewares/ST/STM32_ImageProcessing_Library/Src/stm32ipl_convert.c:99:13:STM32Ipl_BinaryToRGB565	64	static
../Middlewares/ST/STM32_ImageProcessing_Library/Src/stm32ipl_convert.c:135:13:STM32Ipl_BinaryToRGB888	56	static
../Middlewares/ST/STM32_ImageProcessing_Library/Src/stm32ipl_convert.c:178:13:STM32Ipl_Y8ToBinary	64	static
../Middlewares/ST/STM32_ImageProcessing_Library/Src/stm32ipl_convert.c:219:13:STM32Ipl_Y8ToRGB565	48	static
../Middlewares/ST/STM32_ImageProcessing_Library/Src/stm32ipl_convert.c:250:13:STM32Ipl_Y8ToRGB888	40	static
../Middlewares/ST/STM32_ImageProcessing_Library/Src/stm32ipl_convert.c:284:13:STM32Ipl_RGB565ToBinary	120	static
../Middlewares/ST/STM32_ImageProcessing_Library/Src/stm32ipl_convert.c:322:13:STM32Ipl_RGB565ToY8	88	static
../Middlewares/ST/STM32_ImageProcessing_Library/Src/stm32ipl_convert.c:353:13:STM32Ipl_RGB565ToRGB888	56	static
../Middlewares/ST/STM32_ImageProcessing_Library/Src/stm32ipl_convert.c:388:13:STM32Ipl_RGB888ToBinary	72	static
../Middlewares/ST/STM32_ImageProcessing_Library/Src/stm32ipl_convert.c:428:13:STM32Ipl_RGB888ToY8	48	static
../Middlewares/ST/STM32_ImageProcessing_Library/Src/stm32ipl_convert.c:462:13:STM32Ipl_RGB888ToRGB565	48	static
../Middlewares/ST/STM32_ImageProcessing_Library/Src/stm32ipl_convert.c:498:16:STM32Ipl_ConvertRev	40	static
../Middlewares/ST/STM32_ImageProcessing_Library/Src/stm32ipl_convert.c:621:16:STM32Ipl_Convert	16	static
../Middlewares/ST/STM32_ImageProcessing_Library/Src/stm32ipl_convert.c:631:8:STM32Ipl_RGB565ToL	16	static
../Middlewares/ST/STM32_ImageProcessing_Library/Src/stm32ipl_convert.c:641:8:STM32Ipl_RGB565ToA	16	static
../Middlewares/ST/STM32_ImageProcessing_Library/Src/stm32ipl_convert.c:651:8:STM32Ipl_RGB565ToB	16	static
../Middlewares/ST/STM32_ImageProcessing_Library/Src/stm32ipl_convert.c:661:8:STM32Ipl_RGB888ToL	16	static
../Middlewares/ST/STM32_ImageProcessing_Library/Src/stm32ipl_convert.c:671:8:STM32Ipl_RGB888ToA	16	static
../Middlewares/ST/STM32_ImageProcessing_Library/Src/stm32ipl_convert.c:681:8:STM32Ipl_RGB888ToB	16	static
../Middlewares/ST/STM32_ImageProcessing_Library/Src/stm32ipl_convert.c:693:10:STM32Ipl_LABToRGB888	24	static
../Middlewares/ST/STM32_ImageProcessing_Library/Src/stm32ipl_convert.c:705:10:STM32Ipl_LABToRGB565	16	static
../Middlewares/ST/STM32_ImageProcessing_Library/Src/stm32ipl_convert.c:717:10:STM32Ipl_YUVToRGB565	16	static
../Middlewares/ST/STM32_ImageProcessing_Library/Src/stm32ipl_convert.c:729:10:STM32Ipl_YUVToRGB888	24	static
