../Middlewares/ST/STM32_ImageProcessing_Library/Src/stm32ipl_math_op.c:52:16:STM32Ipl_Invert	16	static
../Middlewares/ST/STM32_ImageProcessing_Library/Src/stm32ipl_math_op.c:73:16:STM32Ipl_And	40	static
../Middlewares/ST/STM32_ImageProcessing_Library/Src/stm32ipl_math_op.c:93:16:STM32Ipl_Nand	40	static
../Middlewares/ST/STM32_ImageProcessing_Library/Src/stm32ipl_math_op.c:113:16:STM32Ipl_Or	40	static
../Middlewares/ST/STM32_ImageProcessing_Library/Src/stm32ipl_math_op.c:133:16:STM32Ipl_Nor	40	static
../Middlewares/ST/STM32_ImageProcessing_Library/Src/stm32ipl_math_op.c:153:16:STM32Ipl_Xor	40	static
../Middlewares/ST/STM32_ImageProcessing_Library/Src/stm32ipl_math_op.c:173:16:STM32Ipl_Xnor	40	static
../Middlewares/ST/STM32_ImageProcessing_Library/Src/stm32ipl_math_op.c:193:16:STM32Ipl_Add	40	static
../Middlewares/ST/STM32_ImageProcessing_Library/Src/stm32ipl_math_op.c:214:16:STM32Ipl_Sub	40	static
../Middlewares/ST/STM32_ImageProcessing_Library/Src/stm32ipl_math_op.c:237:16:STM32Ipl_Mul	40	static
../Middlewares/ST/STM32_ImageProcessing_Library/Src/stm32ipl_math_op.c:260:16:STM32Ipl_Div	48	static
../Middlewares/ST/STM32_ImageProcessing_Library/Src/stm32ipl_math_op.c:281:16:STM32Ipl_Diff	40	static
../Middlewares/ST/STM32_ImageProcessing_Library/Src/stm32ipl_math_op.c:301:16:STM32Ipl_Min	40	static
../Middlewares/ST/STM32_ImageProcessing_Library/Src/stm32ipl_math_op.c:321:16:STM32Ipl_Max	40	static
