../Middlewares/ST/STM32_ImageProcessing_Library/Src/umm_malloc.c:137:7:umm_info	24	static
../Middlewares/ST/STM32_ImageProcessing_Library/Src/umm_malloc.c:265:8:umm_free_heap_size	8	static
../Middlewares/ST/STM32_ImageProcessing_Library/Src/umm_malloc.c:270:8:umm_max_free_block_size	8	static
../Middlewares/ST/STM32_ImageProcessing_Library/Src/umm_malloc.c:275:5:umm_usage_metric	4	static
../Middlewares/ST/STM32_ImageProcessing_Library/Src/umm_malloc.c:281:5:umm_fragmentation_metric	8	static
../Middlewares/ST/STM32_ImageProcessing_Library/Src/umm_malloc.c:307:17:umm_blocks	16	static
../Middlewares/ST/STM32_ImageProcessing_Library/Src/umm_malloc.c:340:13:umm_split_block	16	static
../Middlewares/ST/STM32_ImageProcessing_Library/Src/umm_malloc.c:353:13:umm_disconnect_from_free_list	16	static
../Middlewares/ST/STM32_ImageProcessing_Library/Src/umm_malloc.c:370:13:umm_assimilate_up	16	static
../Middlewares/ST/STM32_ImageProcessing_Library/Src/umm_malloc.c:400:17:umm_assimilate_down	16	static
../Middlewares/ST/STM32_ImageProcessing_Library/Src/umm_malloc.c:424:6:umm_uninit	8	static
../Middlewares/ST/STM32_ImageProcessing_Library/Src/umm_malloc.c:431:6:umm_init	16	static
../Middlewares/ST/STM32_ImageProcessing_Library/Src/umm_malloc.c:486:13:umm_free_core	24	static
../Middlewares/ST/STM32_ImageProcessing_Library/Src/umm_malloc.c:538:6:umm_free	16	static
../Middlewares/ST/STM32_ImageProcessing_Library/Src/umm_malloc.c:566:14:umm_malloc_core	32	static
../Middlewares/ST/STM32_ImageProcessing_Library/Src/umm_malloc.c:676:7:umm_malloc	24	static
../Middlewares/ST/STM32_ImageProcessing_Library/Src/umm_malloc.c:710:7:umm_realloc	40	static
../Middlewares/ST/STM32_ImageProcessing_Library/Src/umm_malloc.c:905:7:umm_calloc	24	static
