../Core/Src/main.cpp:91:5:int main()	16	static
../Core/Src/main.cpp:233:6:void SystemClock_Config()	96	static
../Core/Src/main.cpp:283:6:void PeriphCommonClock_Config()	144	static
../Core/Src/main.cpp:309:13:void MX_ADC1_Init()	48	static
../Core/Src/main.cpp:376:13:void MX_ADC3_Init()	32	static
../Core/Src/main.cpp:434:13:void MX_I2C1_Init()	8	static
../Core/Src/main.cpp:482:13:void MX_RTC_Init()	48	static
../Core/Src/main.cpp:536:13:void MX_SPI2_Init()	8	static
../Core/Src/main.cpp:576:13:void MX_USART2_UART_Init()	8	static
../Core/Src/main.cpp:611:13:void MX_GPIO_Init()	48	static
../Core/Src/main.cpp:654:7:float adc_ref_internal_read()	16	static
../Core/Src/main.cpp:712:6:void RTC_Config()	8	static
../Core/Src/main.cpp:739:6:void stop_mode2_duration(uint32_t)	24	static
../Core/Src/main.cpp:776:6:void stop_mode2()	8	static
../Core/Src/main.cpp:827:6:void CS_High()	8	static
../Core/Src/main.cpp:833:6:void CS_Low()	8	static
../Core/Src/main.cpp:838:6:void HAL_GPIO_EXTI_Callback(uint16_t)	16	static
../Core/Src/main.cpp:848:6:void Error_Handler()	8	static,ignoring_inline_asm
