c:\st\stm32cubeide_1.12.1\stm32cubeide\plugins\com.st.stm32cube.ide.mcu.externaltools.gnu-tools-for-stm32.10.3-2021.10.win32_1.0.200.202301161003\tools\bin\../lib/gcc/arm-none-eabi/10.3.1/../../../../arm-none-eabi/include/c++/10.3.1/arm-none-eabi/thumb/v7e-m+dp/hard/bits/gthr-default.h:229:1:int __gthread_key_delete(__gthread_key_t)	16	static
../Core/Src/main.cpp:81:5:int main()	104	static
../Core/Src/main.cpp:338:13:void SystemClock_Config()	128	static
../Core/Src/main.cpp:417:6:void PeriphCommonClock_Config()	208	static
../Core/Src/main.cpp:444:13:void MX_ADC1_Init()	48	static
../Core/Src/main.cpp:512:13:void MX_ADC3_Init()	40	static
../Core/Src/main.cpp:570:13:void MX_RTC_Init()	48	static
../Core/Src/main.cpp:624:13:void MX_USART1_UART_Init()	8	static
../Core/Src/main.cpp:672:13:void MX_GPIO_Init()	40	static
../Core/Src/main.cpp:703:13:void MPU_Config()	24	static
../Core/Src/main.cpp:749:13:void CPU_CACHE_Enable()	24	static,ignoring_inline_asm
../Core/Src/main.cpp:759:6:void UTILS_Init()	8	static
../Core/Src/main.cpp:775:6:void DISPLAY_Init()	16	static
../Core/Src/main.cpp:800:6:void LCD_TestDisplay()	8	static
../Core/Src/main.cpp:813:6:void CAMERA_Init()	16	static
../Core/Src/main.cpp:836:13:void DMA2D_ConvertFrameToARGB8888(void*, void*, uint32_t, uint32_t)	48	static
../Core/Src/main.cpp:901:6:void BSP_CAMERA_FrameEventCallback(uint32_t)	16	static
../Core/Src/main.cpp:911:13:void DMA2D_TransferCompleteCallback(DMA2D_HandleTypeDef*)	16	static
../Core/Src/main.cpp:916:7:float adc_ref_internal_read()	16	static
../Core/Src/main.cpp:978:13:void SRAM_WriteData()	16	static
../Core/Src/main.cpp:1000:13:void SRAM_CheckData()	16	static
../Core/Src/main.cpp:1022:6:void RTC_Config()	8	static
../Core/Src/main.cpp:1048:6:void stop_mode1()	8	static
../Core/Src/main.cpp:1133:6:void stop_mode1_duration(uint32_t)	24	static
../Core/Src/main.cpp:1214:6:void stop_mode2()	8	static
../Core/Src/main.cpp:1265:6:void stop_mode2_duration(uint32_t)	24	static
../Core/Src/main.cpp:1307:6:void Error_Handler()	4	static,ignoring_inline_asm
