../Core/Src/stm32h7xx_it.c:39:6:NMI_Handler	8	static
../Core/Src/stm32h7xx_it.c:50:6:HardFault_Handler	8	static
../Core/Src/stm32h7xx_it.c:61:6:MemManage_Handler	8	static
../Core/Src/stm32h7xx_it.c:72:6:BusFault_Handler	8	static
../Core/Src/stm32h7xx_it.c:84:6:UsageFault_Handler	8	static
../Core/Src/stm32h7xx_it.c:95:6:SVC_Handler	4	static
../Core/Src/stm32h7xx_it.c:102:6:DebugMon_Handler	4	static
../Core/Src/stm32h7xx_it.c:109:6:PendSV_Handler	4	static
../Core/Src/stm32h7xx_it.c:117:6:SysTick_Handler	8	static
../Core/Src/stm32h7xx_it.c:129:6:DMA2_Stream3_IRQHandler	8	static
../Core/Src/stm32h7xx_it.c:139:6:DCMI_IRQHandler	8	static
../Core/Src/stm32h7xx_it.c:149:6:DSI_IRQHandler	8	static
../Core/Src/stm32h7xx_it.c:154:6:DMA2D_IRQHandler	8	static
